---
source: dsl/parser/sqlite_values.rs
description: "input: true"
expression: val
---
[
    [
        Integer(
            1,
        ),
    ],
]
