---
source: dsl/parser/sqlite_values.rs
description: "input: -1000021900"
expression: val
---
Integer(
    -1000021900,
)
