---
source: dsl/parser/lib.rs
description: "input: #[ignore = flaky]"
expression: res
---
"flaky"
