---
source: dsl/parser/sqlite_values.rs
description: "input: -123.3489534E5"
expression: val
---
Real(
    -12334895.34,
)
