---
source: dsl/parser/sqlite_values.rs
description: "input: 112343543009010293"
expression: val
---
Integer(
    112343543009010293,
)
