---
source: dsl/parser/sqlite_values.rs
description: "input: None"
expression: val
---
[]
