---
source: dsl/parser/sqlite_values.rs
description: "input: -1000021900.0"
expression: val
---
Real(
    -1000021900.0,
)
