---
source: dsl/parser/sqlite_values.rs
expression: val
---
Integer(
    1,
)
