---
source: dsl/parser/sqlite_values.rs
description: "input: [true, \"hi\"]"
expression: val
---
[
    [
        Integer(
            1,
        ),
        Text(
            "hi",
        ),
    ],
]
