---
source: dsl/parser/sqlite_values.rs
description: "input: Inf"
expression: val
---
Real(
    inf,
)
