---
source: dsl/parser/sqlite_values.rs
description: "input: 0"
expression: val
---
Integer(
    0,
)
