---
source: dsl/parser/sqlite_values.rs
description: "input: Null"
expression: val
---
[
    [
        Null,
    ],
]
