---
source: dsl/parser/sqlite_values.rs
description: "input: \"true\""
expression: val
---
Text(
    "true",
)
